// Jest Snapshot v1, https://goo.gl/fbAQLP

exports[`<App /> matches the snapshot 1`] = `null`;

exports[`<App /> renders correctly, test using Jest + Enzyme 1`] = `
<ContextProvider
  value={
    Object {
      "setUser": [Function],
      "user": undefined,
    }
  }
>
  <Provider>
    <ForwardRef(NavigationContainer)>
      <AuthNavigator
        test={false}
      />
    </ForwardRef(NavigationContainer)>
  </Provider>
</ContextProvider>
`;
exports[`<App /> renders correctly, test using Jest + Enzyme 1`] = `""`;
