// Jest Snapshot v1, https://goo.gl/fbAQLP

exports[`Testing ChangePasswordScreen matches the snapshot 1`] = `
<RCTSafeAreaView
  emulateUnlessSupported={true}
  style={
    Object {
      "alignItems": "center",
    }
  }
>
  <Text
    style={
      Object {
        "fontSize": 24,
        "fontWeight": "600",
        "marginBottom": 30,
        "marginTop": 5,
      }
    }
  >
    Change your password
  </Text>
  <View
    style={
      Array [
        Object {
          "backgroundColor": "#f2f2f2",
          "borderRadius": 25,
          "height": 55,
          "justifyContent": "center",
          "marginVertical": 15,
        },
        Object {
          "width": "100%",
        },
      ]
    }
  >
    <TextInput
      allowFontScaling={true}
      autoFocus={true}
      id="currentPassword"
      onBlur={[Function]}
      onChangeText={[Function]}
      onFocus={[Function]}
      placeholder="Current Password"
      rejectResponderTermination={true}
      secureTextEntry={true}
      style={
        Object {
          "fontSize": 20,
          "lineHeight": 25,
          "paddingLeft": 10,
        }
      }
      underlineColorAndroid="transparent"
      value=""
    />
  </View>
  <View
    style={
      Array [
        Object {
          "backgroundColor": "#f2f2f2",
          "borderRadius": 25,
          "height": 55,
          "justifyContent": "center",
          "marginVertical": 15,
        },
        Object {
          "width": "100%",
        },
      ]
    }
  >
    <TextInput
      allowFontScaling={true}
      id="newPassword"
      onBlur={[Function]}
      onChangeText={[Function]}
      placeholder="New Password"
      rejectResponderTermination={true}
      secureTextEntry={true}
      style={
        Object {
          "fontSize": 20,
          "lineHeight": 25,
          "paddingLeft": 10,
        }
      }
      underlineColorAndroid="transparent"
      value=""
    />
  </View>
  <View
    style={
      Array [
        Object {
          "backgroundColor": "#f2f2f2",
          "borderRadius": 25,
          "height": 55,
          "justifyContent": "center",
          "marginVertical": 15,
        },
        Object {
          "width": "100%",
        },
      ]
    }
  >
    <TextInput
      allowFontScaling={true}
      id="confirmPassword"
      onBlur={[Function]}
      onChangeText={[Function]}
      placeholder="Confirm Password"
      rejectResponderTermination={true}
      secureTextEntry={true}
      style={
        Object {
          "fontSize": 20,
          "lineHeight": 25,
          "paddingLeft": 10,
        }
      }
      underlineColorAndroid="transparent"
      value=""
    />
  </View>
  <View
    accessible={true}
    focusable={true}
    onClick={[Function]}
    onResponderGrant={[Function]}
    onResponderMove={[Function]}
    onResponderRelease={[Function]}
    onResponderTerminate={[Function]}
    onResponderTerminationRequest={[Function]}
    onStartShouldSetResponder={[Function]}
    style={
      Object {
        "alignItems": "center",
        "backgroundColor": "blue",
        "borderRadius": 25,
        "justifyContent": "center",
        "marginVertical": 5,
        "opacity": 1,
        "padding": 15,
        "width": "100%",
      }
    }
  >
    <Text
      style={
        Object {
          "color": "white",
          "fontSize": 18,
          "fontWeight": "bold",
          "textTransform": "uppercase",
        }
      }
    >
      Save
    </Text>
  </View>
</RCTSafeAreaView>
`;
