// Jest Snapshot v1, https://goo.gl/fbAQLP

exports[`Testing Registraion Page matches the snapshot 1`] = `
<RCTSafeAreaView
  emulateUnlessSupported={true}
  style={
    Object {
      "alignItems": "center",
    }
  }
>
  <Text
    style={
      Object {
        "fontSize": 24,
        "fontWeight": "600",
        "marginBottom": 30,
        "marginTop": 5,
      }
    }
    testID="title"
  >
    Registration Page
  </Text>
  <Text
    style={
      Object {
        "fontSize": 24,
        "fontWeight": "600",
        "marginBottom": 30,
        "marginTop": 5,
      }
    }
    testID="emailTitle"
  >
    Step 1: Enter your email
  </Text>
  <View
    style={
      Object {
        "alignItems": "center",
        "width": "100%",
      }
    }
  >
    <View
      style={
        Object {
          "height": 50,
          "width": "100%",
        }
      }
    />
    <View
      style={
        Array [
          Object {
            "backgroundColor": "#f2f2f2",
            "borderRadius": 25,
            "height": 55,
            "justifyContent": "center",
            "marginVertical": 15,
          },
          Object {
            "width": "100%",
          },
        ]
      }
    >
      <View
        style={
          Array [
            Object {
              "backgroundColor": "rgb(231, 231, 231)",
              "borderTopLeftRadius": 4,
              "borderTopRightRadius": 4,
            },
            Object {
              "lineHeight": 25,
              "paddingLeft": 10,
            },
          ]
        }
      >
        <View
          style={
            Object {
              "backgroundColor": "rgba(0, 0, 0, 0.26)",
              "bottom": 0,
              "height": 2,
              "left": 0,
              "position": "absolute",
              "right": 0,
              "transform": Array [
                Object {
                  "scaleY": 0.5,
                },
              ],
            }
          }
        />
        <View
          style={
            Object {
              "minHeight": 64,
              "paddingBottom": 0,
              "paddingTop": 0,
            }
          }
        >
          <TextInput
            allowFontScaling={true}
            autoCapitalize="none"
            editable={true}
            multiline={false}
            onBlur={[Function]}
            onChangeText={[Function]}
            onFocus={[Function]}
            placeholder="Enter your email"
            placeholderTextColor="rgba(0, 0, 0, 0.54)"
            rejectResponderTermination={true}
            selectionColor="#6200ee"
            style={
              Array [
                Object {
                  "flexGrow": 1,
                  "margin": 0,
                  "textAlign": "left",
                  "zIndex": 1,
                },
                Object {
                  "paddingLeft": 12,
                  "paddingRight": 12,
                },
                Object {
                  "height": 64,
                },
                Object {
                  "paddingBottom": 0,
                  "paddingTop": 0,
                },
                Object {
                  "color": "#000000",
                  "fontFamily": "System",
                  "fontSize": 20,
                  "fontWeight": undefined,
                  "textAlignVertical": "center",
                },
                Array [
                  Object {},
                ],
              ]
            }
            testID="emailInput"
            underlineColorAndroid="transparent"
            value=""
          />
        </View>
      </View>
    </View>
    <View
      style={
        Object {
          "alignItems": "center",
          "backgroundColor": "#6200ee",
          "borderColor": "transparent",
          "borderRadius": 25,
          "borderStyle": "solid",
          "borderWidth": 0,
          "elevation": 2,
          "justifyContent": "center",
          "marginVertical": 5,
          "minWidth": 64,
          "padding": 15,
          "shadowColor": "#000000",
          "shadowOffset": Object {
            "height": 0.75,
            "width": 0,
          },
          "shadowOpacity": 0.24,
          "shadowRadius": 1.5,
          "width": "100%",
        }
      }
    >
      <View
        accessibilityRole="button"
        accessibilityState={
          Object {
            "disabled": undefined,
          }
        }
        accessible={true}
        focusable={true}
        onClick={[Function]}
        onResponderGrant={[Function]}
        onResponderMove={[Function]}
        onResponderRelease={[Function]}
        onResponderTerminate={[Function]}
        onResponderTerminationRequest={[Function]}
        onStartShouldSetResponder={[Function]}
        style={
          Array [
            Object {
              "overflow": "hidden",
            },
            Object {
              "borderRadius": 25,
            },
          ]
        }
      >
        <View
          style={
            Array [
              Object {
                "alignItems": "center",
                "flexDirection": "row",
                "justifyContent": "center",
              },
              undefined,
            ]
          }
        >
          <Text
            numberOfLines={1}
            style={
              Array [
                Object {
                  "color": "#000000",
                  "fontFamily": "System",
                  "fontWeight": "400",
                  "textAlign": "left",
                },
                Array [
                  Object {
                    "letterSpacing": 1,
                    "marginHorizontal": 16,
                    "marginVertical": 9,
                    "textAlign": "center",
                  },
                  undefined,
                  Object {
                    "textTransform": "uppercase",
                  },
                  Object {
                    "color": "#ffffff",
                    "fontFamily": "System",
                    "fontWeight": "500",
                  },
                  Object {
                    "fontFamily": "System",
                    "fontWeight": "500",
                  },
                  undefined,
                ],
              ]
            }
          >
            <Text
              style={
                Object {
                  "fontSize": 18,
                  "fontWeight": "bold",
                  "textTransform": "uppercase",
                }
              }
            >
              Next
            </Text>
          </Text>
        </View>
      </View>
    </View>
  </View>
</RCTSafeAreaView>
`;
