// Jest Snapshot v1, https://goo.gl/fbAQLP

exports[`<ResetPasswordScreen /> matches the snapshot 1`] = `
<RCTSafeAreaView
  emulateUnlessSupported={true}
>
  <View
    style={
      Object {
        "alignItems": "center",
        "height": "100%",
        "marginHorizontal": 40,
      }
    }
  >
    <View
      style={
        Object {
          "alignItems": "flex-start",
          "marginTop": 40,
          "width": "100%",
        }
      }
    >
      <Text
        style={
          Array [
            Object {
              "color": "#000000",
              "fontFamily": "System",
              "fontWeight": "400",
              "textAlign": "left",
            },
            Array [
              Object {
                "color": "rgba(0, 0, 0, 0.87)",
                "fontFamily": "System",
                "fontWeight": "500",
                "textAlign": "left",
                "writingDirection": "ltr",
              },
              Array [
                Object {
                  "fontSize": 20,
                  "letterSpacing": 0.15,
                  "lineHeight": 30,
                  "marginVertical": 2,
                },
                Object {
                  "color": "#f89232",
                  "fontSize": 14,
                  "fontWeight": "bold",
                },
              ],
              Array [
                Object {
                  "fontSize": 20,
                  "letterSpacing": 0.15,
                  "lineHeight": 30,
                  "marginVertical": 2,
                },
                Object {
                  "color": "#f89232",
                  "fontSize": 14,
                  "fontWeight": "bold",
                },
              ],
            ],
          ]
        }
      >
        Password
      </Text>
      <View
        style={
          Object {
            "width": "100%",
          }
        }
      >
        <View
          style={
            Array [
              Object {
                "backgroundColor": "rgb(231, 231, 231)",
                "borderTopLeftRadius": 4,
                "borderTopRightRadius": 4,
              },
              Object {
                "backgroundColor": "#fff",
                "marginBottom": 20,
              },
            ]
          }
        >
          <View
            style={
              Object {
                "backgroundColor": "rgba(0, 0, 0, 0.26)",
                "bottom": 0,
                "height": 2,
                "left": 0,
                "position": "absolute",
                "right": 0,
                "transform": Array [
                  Object {
                    "scaleY": 0.5,
                  },
                ],
              }
            }
          />
          <View
            style={
              Object {
                "minHeight": 45,
                "paddingBottom": 0,
                "paddingTop": 0,
              }
            }
          >
            <TextInput
              allowFontScaling={true}
              autoCapitalize="none"
              editable={true}
              multiline={false}
              onBlur={[Function]}
              onChangeText={[Function]}
              onFocus={[Function]}
              placeholder="New password"
              placeholderTextColor="#ccc"
              rejectResponderTermination={true}
              secureTextEntry={true}
              selectionColor="#6200ee"
              style={
                Array [
                  Object {
                    "flexGrow": 1,
                    "margin": 0,
                    "textAlign": "left",
                    "zIndex": 1,
                  },
                  Object {
                    "paddingLeft": 0,
                    "paddingRight": 0,
                  },
                  Object {
                    "height": 45,
                  },
                  Object {
                    "paddingBottom": 0,
                    "paddingTop": 0,
                  },
                  Object {
                    "color": "#000000",
                    "fontFamily": "System",
                    "fontSize": 16,
                    "fontWeight": undefined,
                    "textAlignVertical": "center",
                  },
                  Array [
                    Object {},
                  ],
                ]
              }
              testID="pass"
              underlineColorAndroid="transparent"
              value=""
            />
          </View>
        </View>
      </View>
      <Text
        style={
          Array [
            Object {
              "color": "#000000",
              "fontFamily": "System",
              "fontWeight": "400",
              "textAlign": "left",
            },
            Array [
              Object {
                "color": "rgba(0, 0, 0, 0.87)",
                "fontFamily": "System",
                "fontWeight": "500",
                "textAlign": "left",
                "writingDirection": "ltr",
              },
              Array [
                Object {
                  "fontSize": 20,
                  "letterSpacing": 0.15,
                  "lineHeight": 30,
                  "marginVertical": 2,
                },
                Object {
                  "color": "#f89232",
                  "fontSize": 14,
                  "fontWeight": "bold",
                },
              ],
              Array [
                Object {
                  "fontSize": 20,
                  "letterSpacing": 0.15,
                  "lineHeight": 30,
                  "marginVertical": 2,
                },
                Object {
                  "color": "#f89232",
                  "fontSize": 14,
                  "fontWeight": "bold",
                },
              ],
            ],
          ]
        }
      >
        Confirm Password
      </Text>
      <View
        style={
          Object {
            "width": "100%",
          }
        }
      >
        <View
          style={
            Array [
              Object {
                "backgroundColor": "rgb(231, 231, 231)",
                "borderTopLeftRadius": 4,
                "borderTopRightRadius": 4,
              },
              Object {
                "backgroundColor": "#fff",
                "marginBottom": 20,
              },
            ]
          }
        >
          <View
            style={
              Object {
                "backgroundColor": "rgba(0, 0, 0, 0.26)",
                "bottom": 0,
                "height": 2,
                "left": 0,
                "position": "absolute",
                "right": 0,
                "transform": Array [
                  Object {
                    "scaleY": 0.5,
                  },
                ],
              }
            }
          />
          <View
            style={
              Object {
                "minHeight": 45,
                "paddingBottom": 0,
                "paddingTop": 0,
              }
            }
          >
            <TextInput
              allowFontScaling={true}
              autoCapitalize="none"
              editable={true}
              multiline={false}
              onBlur={[Function]}
              onChangeText={[Function]}
              onFocus={[Function]}
              placeholder="Repeat new password"
              placeholderTextColor="#ccc"
              rejectResponderTermination={true}
              secureTextEntry={true}
              selectionColor="#6200ee"
              style={
                Array [
                  Object {
                    "flexGrow": 1,
                    "margin": 0,
                    "textAlign": "left",
                    "zIndex": 1,
                  },
                  Object {
                    "paddingLeft": 0,
                    "paddingRight": 0,
                  },
                  Object {
                    "height": 45,
                  },
                  Object {
                    "paddingBottom": 0,
                    "paddingTop": 0,
                  },
                  Object {
                    "color": "#000000",
                    "fontFamily": "System",
                    "fontSize": 16,
                    "fontWeight": undefined,
                    "textAlignVertical": "center",
                  },
                  Array [
                    Object {},
                  ],
                ]
              }
              testID="confirmPass"
              underlineColorAndroid="transparent"
              value=""
            />
          </View>
        </View>
      </View>
      <View
        style={
          Object {
            "backgroundColor": "rgba(0, 0, 0, 0.12)",
            "borderColor": "transparent",
            "borderRadius": 6,
            "borderStyle": "solid",
            "borderWidth": 0,
            "elevation": 0,
            "marginTop": 20,
            "minWidth": 64,
            "padding": 10,
            "width": "100%",
          }
        }
      >
        <View
          accessibilityRole="button"
          accessibilityState={
            Object {
              "disabled": true,
            }
          }
          accessible={true}
          focusable={true}
          onClick={[Function]}
          onResponderGrant={[Function]}
          onResponderMove={[Function]}
          onResponderRelease={[Function]}
          onResponderTerminate={[Function]}
          onResponderTerminationRequest={[Function]}
          onStartShouldSetResponder={[Function]}
          style={
            Array [
              Object {
                "overflow": "hidden",
              },
              Object {
                "borderRadius": 6,
              },
            ]
          }
        >
          <View
            style={
              Array [
                Object {
                  "alignItems": "center",
                  "flexDirection": "row",
                  "justifyContent": "center",
                },
                undefined,
              ]
            }
          >
            <Text
              numberOfLines={1}
              style={
                Array [
                  Object {
                    "color": "#000000",
                    "fontFamily": "System",
                    "fontWeight": "400",
                    "textAlign": "left",
                  },
                  Array [
                    Object {
                      "letterSpacing": 1,
                      "marginHorizontal": 16,
                      "marginVertical": 9,
                      "textAlign": "center",
                    },
                    undefined,
                    Object {
                      "textTransform": "uppercase",
                    },
                    Object {
                      "color": "rgba(0, 0, 0, 0.32)",
                      "fontFamily": "System",
                      "fontWeight": "500",
                    },
                    Object {
                      "fontFamily": "System",
                      "fontWeight": "500",
                    },
                    undefined,
                  ],
                ]
              }
            >
              <Text
                style={
                  Object {
                    "color": "#fff",
                    "fontSize": 16,
                    "textTransform": "none",
                  }
                }
              >
                Save
              </Text>
            </Text>
          </View>
        </View>
      </View>
    </View>
  </View>
</RCTSafeAreaView>
`;
